#! /usr/local/bin/vvp
:ivl_version "12.0 (stable)";
:ivl_delay_selection "TYPICAL";
:vpi_time_precision + 0;
:vpi_module "/usr/local/lib/ivl/system.vpi";
:vpi_module "/usr/local/lib/ivl/vhdl_sys.vpi";
:vpi_module "/usr/local/lib/ivl/vhdl_textio.vpi";
:vpi_module "/usr/local/lib/ivl/v2005_math.vpi";
:vpi_module "/usr/local/lib/ivl/va_math.vpi";
:vpi_module "/usr/local/lib/ivl/v2009.vpi";
S_0x2408d6e0 .scope package, "$unit" "$unit" 2 1;
 .timescale 0 0;
S_0x2408eb10 .scope module, "test" "test" 3 1;
 .timescale 0 0;
v0x240b38f0_0 .var "A", 0 0;
v0x240b39b0_0 .var "B", 0 0;
v0x240b3a80_0 .var "Cin", 0 0;
v0x240b3b80_0 .net "Cout", 0 0, L_0x240b4390;  1 drivers
v0x240b3c50_0 .net "D", 0 0, L_0x240b3e30;  1 drivers
S_0x2409f4b0 .scope begin, "$ivl_for_loop0" "$ivl_for_loop0" 3 15, 3 15 0, S_0x2408eb10;
 .timescale 0 0;
v0x2409fb10_0 .var/i "i", 31 0;
S_0x240b2c90 .scope module, "uut" "onebitadd" 3 5, 4 1 0, S_0x2408eb10;
 .timescale 0 0;
    .port_info 0 /INPUT 1 "A";
    .port_info 1 /INPUT 1 "B";
    .port_info 2 /INPUT 1 "Cin";
    .port_info 3 /OUTPUT 1 "D";
    .port_info 4 /OUTPUT 1 "Cout";
L_0x240b3cf0 .functor XOR 1, v0x240b38f0_0, v0x240b39b0_0, C4<0>, C4<0>;
L_0x240b3e30 .functor XOR 1, L_0x240b3cf0, v0x240b3a80_0, C4<0>, C4<0>;
L_0x240b3f90 .functor AND 1, v0x240b39b0_0, v0x240b3a80_0, C4<1>, C4<1>;
L_0x240b4000 .functor AND 1, v0x240b38f0_0, v0x240b39b0_0, C4<1>, C4<1>;
L_0x240b4100 .functor OR 1, L_0x240b3f90, L_0x240b4000, C4<0>, C4<0>;
L_0x240b41c0 .functor AND 1, v0x240b38f0_0, v0x240b3a80_0, C4<1>, C4<1>;
L_0x240b4390 .functor OR 1, L_0x240b4100, L_0x240b41c0, C4<0>, C4<0>;
v0x240b2f40_0 .net "A", 0 0, v0x240b38f0_0;  1 drivers
v0x240b3000_0 .net "B", 0 0, v0x240b39b0_0;  1 drivers
v0x240b30c0_0 .net "Cin", 0 0, v0x240b3a80_0;  1 drivers
v0x240b3190_0 .net "Cout", 0 0, L_0x240b4390;  alias, 1 drivers
v0x240b3250_0 .net "D", 0 0, L_0x240b3e30;  alias, 1 drivers
v0x240b3360_0 .net *"_ivl_0", 0 0, L_0x240b3cf0;  1 drivers
v0x240b3440_0 .net *"_ivl_10", 0 0, L_0x240b41c0;  1 drivers
v0x240b3520_0 .net *"_ivl_4", 0 0, L_0x240b3f90;  1 drivers
v0x240b3600_0 .net *"_ivl_6", 0 0, L_0x240b4000;  1 drivers
v0x240b3770_0 .net *"_ivl_8", 0 0, L_0x240b4100;  1 drivers
    .scope S_0x2408eb10;
T_0 ;
    %fork t_1, S_0x2409f4b0;
    %jmp t_0;
    .scope S_0x2409f4b0;
t_1 ;
    %pushi/vec4 0, 0, 32;
    %store/vec4 v0x2409fb10_0, 0, 32;
T_0.0 ;
    %load/vec4 v0x2409fb10_0;
    %cmpi/s 8, 0, 32;
    %jmp/0xz T_0.1, 5;
    %load/vec4 v0x2409fb10_0;
    %pad/s 3;
    %split/vec4 1;
    %store/vec4 v0x240b3a80_0, 0, 1;
    %split/vec4 1;
    %store/vec4 v0x240b39b0_0, 0, 1;
    %store/vec4 v0x240b38f0_0, 0, 1;
    %delay 1, 0;
    %vpi_call/w 3 18 "$display", "A=%b B=%b  C=%b         D=%b   Cout=%b", v0x240b38f0_0, v0x240b39b0_0, v0x240b3a80_0, v0x240b3c50_0, v0x240b3b80_0 {0 0 0};
    %load/vec4 v0x2409fb10_0;
    %addi 1, 0, 32;
    %store/vec4 v0x2409fb10_0, 0, 32;
    %jmp T_0.0;
T_0.1 ;
    %end;
    .scope S_0x2408eb10;
t_0 %join;
    %vpi_call/w 3 21 "$finish" {0 0 0};
    %end;
    .thread T_0;
# The file index is used to find the file name in the following table.
:file_names 5;
    "N/A";
    "<interactive>";
    "-";
    "testbench.sv";
    "design.sv";
